// Jest Snapshot v1, https://goo.gl/fbAQLP

exports[`<Quotes /> it should match snapshot 1`] = `
<div
  className="quotesBody"
>
  <h2>
    Mathematics is not about numbers, equations, computations, or algorithms: it is about understanding. - William Paul Thurston
  </h2>
</div>
`;
