// Jest Snapshot v1, https://goo.gl/fbAQLP

exports[`<Calculator /> it should match snapshot 1`] = `
<div
  className="container"
  data-testid="Calculator"
>
  <div
    className="output"
  >
    0
  </div>
  <div
    className="buttons"
  >
    <button
      onClick={[Function]}
      type="button"
    >
      AC
    </button>
    <button
      onClick={[Function]}
      type="button"
    >
      +/-
    </button>
    <button
      onClick={[Function]}
      type="button"
    >
      %
    </button>
    <button
      onClick={[Function]}
      type="button"
    >
      รท
    </button>
    <button
      onClick={[Function]}
      type="button"
    >
      7
    </button>
    <button
      onClick={[Function]}
      type="button"
    >
      8
    </button>
    <button
      onClick={[Function]}
      type="button"
    >
      9
    </button>
    <button
      onClick={[Function]}
      operation="x"
      type="button"
    >
      x
    </button>
    <button
      onClick={[Function]}
      type="button"
    >
      4
    </button>
    <button
      onClick={[Function]}
      type="button"
    >
      5
    </button>
    <button
      onClick={[Function]}
      type="button"
    >
      6
    </button>
    <button
      onClick={[Function]}
      operation="-"
      type="button"
    >
      -
    </button>
    <button
      onClick={[Function]}
      type="button"
    >
      1
    </button>
    <button
      onClick={[Function]}
      type="button"
    >
      2
    </button>
    <button
      onClick={[Function]}
      type="button"
    >
      3
    </button>
    <button
      onClick={[Function]}
      operation="+"
      type="button"
    >
      +
    </button>
    <button
      buttonName="0"
      className="not-equal"
      onClick={[Function]}
      type="button"
    >
      0
    </button>
    <button
      buttonName="."
      onClick={[Function]}
      type="button"
    >
      .
    </button>
    <button
      buttonName="="
      onClick={[Function]}
      type="button"
    >
      =
    </button>
  </div>
</div>
`;
